// Jest Snapshot v1, https://goo.gl/fbAQLP

exports[`Snapshot 1`] = `
{
  "Outputs": {
    "apiUrl": {
      "Value": {
        "Fn::GetAtt": [
          "combinationApi9BDD6249",
          "ApiEndpoint",
        ],
      },
    },
  },
  "Parameters": {
    "BootstrapVersion": {
      "Default": "/cdk-bootstrap/hnb659fds/version",
      "Description": "Version of the CDK Bootstrap resources in this environment, automatically retrieved from SSM Parameter Store. [cdk:skip]",
      "Type": "AWS::SSM::Parameter::Value<String>",
    },
  },
  "Resources": {
    "combinationApi9BDD6249": {
      "Properties": {
        "Name": "combinationApi",
        "ProtocolType": "HTTP",
      },
      "Type": "AWS::ApiGatewayV2::Api",
    },
    "combinationApiDefaultStage7A3D2B59": {
      "Properties": {
        "ApiId": {
          "Ref": "combinationApi9BDD6249",
        },
        "AutoDeploy": true,
        "StageName": "$default",
      },
      "Type": "AWS::ApiGatewayV2::Stage",
    },
    "combinationApiGETgameDeals7DF2637D": {
      "Properties": {
        "ApiId": {
          "Ref": "combinationApi9BDD6249",
        },
        "AuthorizationType": "NONE",
        "RouteKey": "GET /gameDeals",
        "Target": {
          "Fn::Join": [
            "",
            [
              "integrations/",
              {
                "Ref": "combinationApiGETgameDealsCombinationLambda16C97EAB",
              },
            ],
          ],
        },
      },
      "Type": "AWS::ApiGatewayV2::Route",
    },
    "combinationApiGETgameDealsCombinationLambda16C97EAB": {
      "Properties": {
        "ApiId": {
          "Ref": "combinationApi9BDD6249",
        },
        "IntegrationType": "AWS_PROXY",
        "IntegrationUri": {
          "Fn::GetAtt": [
            "combinationFunctionD9DA19C7",
            "Arn",
          ],
        },
        "PayloadFormatVersion": "2.0",
      },
      "Type": "AWS::ApiGatewayV2::Integration",
    },
    "combinationApiGETgameDealsCombinationLambdaPermission111915FC": {
      "Properties": {
        "Action": "lambda:InvokeFunction",
        "FunctionName": {
          "Fn::GetAtt": [
            "combinationFunctionD9DA19C7",
            "Arn",
          ],
        },
        "Principal": "apigateway.amazonaws.com",
        "SourceArn": {
          "Fn::Join": [
            "",
            [
              "arn:",
              {
                "Ref": "AWS::Partition",
              },
              ":execute-api:",
              {
                "Ref": "AWS::Region",
              },
              ":",
              {
                "Ref": "AWS::AccountId",
              },
              ":",
              {
                "Ref": "combinationApi9BDD6249",
              },
              "/*/*/gameDeals",
            ],
          ],
        },
      },
      "Type": "AWS::Lambda::Permission",
    },
    "combinationFunctionD9DA19C7": {
      "DependsOn": [
        "combinationFunctionServiceRoleCE7B11E1",
      ],
      "Properties": {
        "Code": {
          "S3Bucket": {
            "Fn::Sub": "cdk-hnb659fds-assets-\${AWS::AccountId}-\${AWS::Region}",
          },
          "S3Key": "663eb3f2d9753796142090ddc80b1e91a8527467ea5a0dae5e15b23d0c71664a.zip",
        },
        "Environment": {
          "Variables": {
            "API_CURR_ENDP": "https://cdn.jsdelivr.net/npm/@fawazahmed0/currency-api@latest/v1/currencies/",
            "API_STEAM_ENDP": "https://www.cheapshark.com/api/1.0/deals?upperPrice=15&pageSize=25",
            "AWS_NODEJS_CONNECTION_REUSE_ENABLED": "1",
            "NODE_OPTIONS": "--enable-source-maps --stack-trace-limit=1000",
          },
        },
        "Handler": "index.handler",
        "Role": {
          "Fn::GetAtt": [
            "combinationFunctionServiceRoleCE7B11E1",
            "Arn",
          ],
        },
        "Runtime": "nodejs20.x",
      },
      "Type": "AWS::Lambda::Function",
    },
    "combinationFunctionServiceRoleCE7B11E1": {
      "Properties": {
        "AssumeRolePolicyDocument": {
          "Statement": [
            {
              "Action": "sts:AssumeRole",
              "Effect": "Allow",
              "Principal": {
                "Service": "lambda.amazonaws.com",
              },
            },
          ],
          "Version": "2012-10-17",
        },
        "ManagedPolicyArns": [
          {
            "Fn::Join": [
              "",
              [
                "arn:",
                {
                  "Ref": "AWS::Partition",
                },
                ":iam::aws:policy/service-role/AWSLambdaBasicExecutionRole",
              ],
            ],
          },
        ],
      },
      "Type": "AWS::IAM::Role",
    },
  },
  "Rules": {
    "CheckBootstrapVersion": {
      "Assertions": [
        {
          "Assert": {
            "Fn::Not": [
              {
                "Fn::Contains": [
                  [
                    "1",
                    "2",
                    "3",
                    "4",
                    "5",
                  ],
                  {
                    "Ref": "BootstrapVersion",
                  },
                ],
              },
            ],
          },
          "AssertDescription": "CDK bootstrap stack version 6 required. Please run 'cdk bootstrap' with a recent version of the CDK CLI.",
        },
      ],
    },
  },
}
`;
